K_POINTS crystal
1
  0.00000000  0.00000000  0.00000000  1.000000e+00
